// Jest Snapshot v1, https://goo.gl/fbAQLP

exports[`TypeTabs should match the snapshot 1`] = `
<select
  id="dropDown"
  onChange={[Function]}
>
  <option>
    Choose Recipe Type
  </option>
  <option>
    Restore Hearts
  </option>
  <option>
    Restore Stamina
  </option>
  <option>
    Cold Resist
  </option>
  <option>
    Heat Resist
  </option>
  <option>
    Electric Resist
  </option>
  <option>
    Movement Speed
  </option>
  <option>
    Temporary Max Hearts
  </option>
  <option>
    Defense Boost
  </option>
  <option>
    Attack Power
  </option>
  <option>
    Stealth
  </option>
  <option>
    Elixers
  </option>
</select>
`;
