// Jest Snapshot v1, https://goo.gl/fbAQLP

exports[`SearchBar ingredientListToRender should filter its results based on what the user is searching for 1`] = `Array []`;

exports[`SearchBar ingredientListToRender should render a list of ingredients and match the snapshot 1`] = `
Array [
  <p
    className="search-results__item"
    id={1}
    onClick={[Function]}
>
    Apple
</p>,
]
`;

exports[`SearchBar should match the snapshot 1`] = `
<div>
  <section
    className="SearchBar"
  >
    <button
      className="search-button
                  
                "
      id="ingredient"
      onClick={[Function]}
    >
      Ingredient
    </button>
    <button
      className="search-button
                  search-button--selected
                "
      id="recipe"
      onClick={[Function]}
    >
      Recipe
    </button>
    <input
      className="search-bar
                  search-bar__recipe
                  
                "
      name="recipeSearch"
      onChange={[Function]}
      placeholder="Search recipes"
      type="text"
      value=""
    />
    <div
      className="
                  search-bar__ingredient
                  search-bar--hidden
                "
      onBlur={[Function]}
      onFocus={[Function]}
    >
      <input
        className="search-bar
                    "
        name="ingredientSearch"
        onChange={[Function]}
        placeholder="Select up to 5 ingredients"
        type="text"
        value=""
      />
      <section
        className="
                    search-results__container
                    
                  "
      >
        <p
          className="search-results__item"
          id={1}
          key="1"
          onClick={[Function]}
        >
          Apple
        </p>
      </section>
    </div>
  </section>
  <section
    className="ingredientTag-container"
  />
</div>
`;

exports[`SearchBar tagsToRender should return tags depending on what is in the filters ingredients array 1`] = `
Array [
  <IngredientTag
    id="0"
    name="Chicken"
    remove={[Function]}
/>,
  <IngredientTag
    id="2"
    name="Grape"
    remove={[Function]}
/>,
  <IngredientTag
    id="3"
    name="Pear"
    remove={[Function]}
/>,
  <IngredientTag
    id="4"
    name="Fish"
    remove={[Function]}
/>,
  <IngredientTag
    id="5"
    name="Tuna"
    remove={[Function]}
/>,
]
`;

exports[`SearchBar toggleSearchBar should match the snapshot when it is called 1`] = `undefined`;

exports[`SearchBar toggleSearchBar should match the snapshot when it is called 2`] = `undefined`;

exports[`SearchBar toggleSearchButton should match the snapshot when it is called 1`] = `undefined`;

exports[`SearchBar toggleSearchButton should match the snapshot when it is called 2`] = `undefined`;
