// Jest Snapshot v1, https://goo.gl/fbAQLP

exports[`SearchBar should match the snapshot 1`] = `
<div
  className="SearchBar"
>
  <button
    className="search-button
              
            "
    id="ingredient"
    onClick={[Function]}
  >
    Ingredient
  </button>
  <button
    className="search-button
              search-button--selected
            "
    id="recipe"
    onClick={[Function]}
  >
    Recipe
  </button>
  <input
    className="search-bar
              search-bar__recipe
              
            "
    name="recipeSearch"
    onChange={[Function]}
    placeholder="Search recipes"
    type="text"
    value=""
  />
  <div
    className="
              search-bar__ingredient
              search-bar--hidden
            "
    onBlur={[Function]}
    onFocus={[Function]}
  >
    <input
      className="search-bar
                "
      name="ingredientSearch"
      onChange={[Function]}
      placeholder="Select up to 5 ingredients"
      type="text"
      value=""
    />
    <section
      className="search-results__container
                  
                "
    />
  </div>
</div>
`;

exports[`SearchBar toggleSearchBar should match the snapshot when it is called 1`] = `undefined`;

exports[`SearchBar toggleSearchBar should match the snapshot when it is called 2`] = `undefined`;

exports[`SearchBar toggleSearchButton should match the snapshot when it is called 1`] = `undefined`;

exports[`SearchBar toggleSearchButton should match the snapshot when it is called 2`] = `undefined`;
