// Jest Snapshot v1, https://goo.gl/fbAQLP

exports[`IngredientTag should match the snapshot 1`] = `
<div
  className="IngredientTag"
>
  <h1
    className="ingredient-name"
  >
    Apple
  </h1>
  <button
    className="button__clear-filter"
    id="1"
    onClick={[Function]}
  >
    X
  </button>
</div>
`;
